[2m12:46:36[22m [31m[1m[vite][22m[39m Pre-transform error: Transform failed with 1 error:
C:/Users/faruk/OneDrive/Belgeler/PenPos System/penpos dosyalar/PenPos/frontend/src/canteen/pages/CanteenSettingsProductsPage.jsx:1554:34: ERROR: Expected "}" but found "btn"
[2m12:46:36[22m [31m[1m[vite][22m[39m [31mInternal server error: Transform failed with 1 error:
C:/Users/faruk/OneDrive/Belgeler/PenPos System/penpos dosyalar/PenPos/frontend/src/canteen/pages/CanteenSettingsProductsPage.jsx:1554:34: ERROR: Expected "}" but found "btn"[39m
  Plugin: [35mvite:esbuild[39m
  File: [36mC:/Users/faruk/OneDrive/Belgeler/PenPos System/penpos dosyalar/PenPos/frontend/src/canteen/pages/CanteenSettingsProductsPage.jsx[39m:1554:34
[33m  
  [33mExpected "}" but found "btn"[33m
  1552|              <div style={{ display: 'flex', alignItems: 'center', gap: 8, flexWrap: 'wrap' }}>
  1553|                <button className={`btn btn--compact ${editStockTrackingEnabled ? 'btn--primary' : ''}} type="button" onClick={() => setEditStockTrackingEnabled(true)} disabled={!canManage}>Stok Takibi Açık</button>
  1554|                <button className={`btn btn--compact ${editStockTrackingEnabled ? '' : 'btn--primary'}`} type="button" onClick={() => setEditStockTrackingEnabled(false)} disabled={!canManage}>Stok Takibi Kapalı</button>
     |                                    ^
  1555|              </div>
  1556|              <div style={{ display: 'flex', alignItems: 'center', gap: 8, flexWrap: 'wrap', justifyContent: 'flex-end' }}>
  [39m
      at failureErrorWithLog (C:\Users\faruk\OneDrive\Belgeler\PenPos System\penpos dosyalar\PenPos\frontend\node_modules\esbuild\lib\main.js:1472:15)
      at C:\Users\faruk\OneDrive\Belgeler\PenPos System\penpos dosyalar\PenPos\frontend\node_modules\esbuild\lib\main.js:755:50
      at responseCallbacks.<computed> (C:\Users\faruk\OneDrive\Belgeler\PenPos System\penpos dosyalar\PenPos\frontend\node_modules\esbuild\lib\main.js:622:9)
      at handleIncomingPacket (C:\Users\faruk\OneDrive\Belgeler\PenPos System\penpos dosyalar\PenPos\frontend\node_modules\esbuild\lib\main.js:677:12)
      at Socket.readFromStdout (C:\Users\faruk\OneDrive\Belgeler\PenPos System\penpos dosyalar\PenPos\frontend\node_modules\esbuild\lib\main.js:600:7)
      at Socket.emit (node:events:514:28)
      at addChunk (node:internal/streams/readable:567:12)
      at readableAddChunkPushByteMode (node:internal/streams/readable:518:3)
      at Readable.push (node:internal/streams/readable:398:5)
      at Pipe.onStreamRead (node:internal/stream_base_commons:189:23)
[2m12:46:36[22m [31m[1m[vite][22m[39m [31mInternal server error: Transform failed with 1 error:
C:/Users/faruk/OneDrive/Belgeler/PenPos System/penpos dosyalar/PenPos/frontend/src/canteen/pages/CanteenSettingsProductsPage.jsx:1554:34: ERROR: Expected "}" but found "btn"[39m
  Plugin: [35mvite:esbuild[39m
  File: [36mC:/Users/faruk/OneDrive/Belgeler/PenPos System/penpos dosyalar/PenPos/frontend/src/canteen/pages/CanteenSettingsProductsPage.jsx[39m:1554:34
[33m  
  [33mExpected "}" but found "btn"[33m
  1552|              <div style={{ display: 'flex', alignItems: 'center', gap: 8, flexWrap: 'wrap' }}>
  1553|                <button className={`btn btn--compact ${editStockTrackingEnabled ? 'btn--primary' : ''}} type="button" onClick={() => setEditStockTrackingEnabled(true)} disabled={!canManage}>Stok Takibi Açık</button>
  1554|                <button className={`btn btn--compact ${editStockTrackingEnabled ? '' : 'btn--primary'}`} type="button" onClick={() => setEditStockTrackingEnabled(false)} disabled={!canManage}>Stok Takibi Kapalı</button>
     |                                    ^
  1555|              </div>
  1556|              <div style={{ display: 'flex', alignItems: 'center', gap: 8, flexWrap: 'wrap', justifyContent: 'flex-end' }}>
  [39m
      at failureErrorWithLog (C:\Users\faruk\OneDrive\Belgeler\PenPos System\penpos dosyalar\PenPos\frontend\node_modules\esbuild\lib\main.js:1472:15)
      at C:\Users\faruk\OneDrive\Belgeler\PenPos System\penpos dosyalar\PenPos\frontend\node_modules\esbuild\lib\main.js:755:50
      at responseCallbacks.<computed> (C:\Users\faruk\OneDrive\Belgeler\PenPos System\penpos dosyalar\PenPos\frontend\node_modules\esbuild\lib\main.js:622:9)
      at handleIncomingPacket (C:\Users\faruk\OneDrive\Belgeler\PenPos System\penpos dosyalar\PenPos\frontend\node_modules\esbuild\lib\main.js:677:12)
      at Socket.readFromStdout (C:\Users\faruk\OneDrive\Belgeler\PenPos System\penpos dosyalar\PenPos\frontend\node_modules\esbuild\lib\main.js:600:7)
      at Socket.emit (node:events:514:28)
      at addChunk (node:internal/streams/readable:567:12)
      at readableAddChunkPushByteMode (node:internal/streams/readable:518:3)
      at Readable.push (node:internal/streams/readable:398:5)
      at Pipe.onStreamRead (node:internal/stream_base_commons:189:23)
[2m12:49:05[22m [31m[1m[vite][22m[39m [31mInternal server error: Transform failed with 1 error:
C:/Users/faruk/OneDrive/Belgeler/PenPos System/penpos dosyalar/PenPos/frontend/src/canteen/pages/CanteenSettingsProductsPage.jsx:1554:34: ERROR: Expected "}" but found "btn"[39m
  Plugin: [35mvite:esbuild[39m
  File: [36mC:/Users/faruk/OneDrive/Belgeler/PenPos System/penpos dosyalar/PenPos/frontend/src/canteen/pages/CanteenSettingsProductsPage.jsx[39m:1554:34
[33m  
  [33mExpected "}" but found "btn"[33m
  1552|              <div style={{ display: 'flex', alignItems: 'center', gap: 8, flexWrap: 'wrap' }}>
  1553|                <button className={`btn btn--compact ${editStockTrackingEnabled ? 'btn--primary' : ''}} type="button" onClick={() => setEditStockTrackingEnabled(true)} disabled={!canManage}>Stok Takibi Açık</button>
  1554|                <button className={`btn btn--compact ${editStockTrackingEnabled ? '' : 'btn--primary'}`} type="button" onClick={() => setEditStockTrackingEnabled(false)} disabled={!canManage}>Stok Takibi Kapalı</button>
     |                                    ^
  1555|              </div>
  1556|              <div style={{ display: 'flex', alignItems: 'center', gap: 8, flexWrap: 'wrap', justifyContent: 'flex-end' }}>
  [39m
      at failureErrorWithLog (C:\Users\faruk\OneDrive\Belgeler\PenPos System\penpos dosyalar\PenPos\frontend\node_modules\esbuild\lib\main.js:1472:15)
      at C:\Users\faruk\OneDrive\Belgeler\PenPos System\penpos dosyalar\PenPos\frontend\node_modules\esbuild\lib\main.js:755:50
      at responseCallbacks.<computed> (C:\Users\faruk\OneDrive\Belgeler\PenPos System\penpos dosyalar\PenPos\frontend\node_modules\esbuild\lib\main.js:622:9)
      at handleIncomingPacket (C:\Users\faruk\OneDrive\Belgeler\PenPos System\penpos dosyalar\PenPos\frontend\node_modules\esbuild\lib\main.js:677:12)
      at Socket.readFromStdout (C:\Users\faruk\OneDrive\Belgeler\PenPos System\penpos dosyalar\PenPos\frontend\node_modules\esbuild\lib\main.js:600:7)
      at Socket.emit (node:events:514:28)
      at addChunk (node:internal/streams/readable:567:12)
      at readableAddChunkPushByteMode (node:internal/streams/readable:518:3)
      at Readable.push (node:internal/streams/readable:398:5)
      at Pipe.onStreamRead (node:internal/stream_base_commons:189:23)
